// Jest Snapshot v1, https://goo.gl/fbAQLP

exports[`GridItem should render correctly 1`] = `
<div
  className="sc-AxirZ ktnnZK"
>
  Hello World
</div>
`;

exports[`GridItemBase should render correctly 1`] = `
<div
  className="sc-AxirZ ktnnZK"
>
  Hello World
</div>
`;
