// Jest Snapshot v1, https://goo.gl/fbAQLP

exports[`Img should render an img element with src and alt defined 1`] = `
<DocumentFragment>
  <img
    alt="hello world"
    class="sc-bdVaJa fFzQOG"
    src="https://source.unsplash.com/random/10x10"
  />
</DocumentFragment>
`;
