// Jest Snapshot v1, https://goo.gl/fbAQLP

exports[`ImageryBase should render 1`] = `
<DocumentFragment>
  <div
    class="sc-bdVaJa kDzGxq"
  />
</DocumentFragment>
`;

exports[`ImageryBase should render styles object-fit and object-position 1`] = `
<DocumentFragment>
  <div
    class="sc-bdVaJa kDzGxq"
  />
</DocumentFragment>
`;
