// Jest Snapshot v1, https://goo.gl/fbAQLP

exports[`FlexCol FlexCol should render 1`] = `
<DocumentFragment>
  <div
    class="artifak__sc-18dncu9-0 kqllXm"
  >
    Test
  </div>
</DocumentFragment>
`;
